// Jest Snapshot v1, https://goo.gl/fbAQLP

exports[`IndividualProject Should match the snapshot 1`] = `ShallowWrapper {}`;
